// Jest Snapshot v1, https://goo.gl/fbAQLP

exports[`App AppLayout Snapshot renderer 1`] = `
<div
  className="css-14fwp1f"
>
  <div
    className="css-1esthja"
  >
    <div
      className="css-1esthja"
    >
      0
    </div>
    <div
      className="css-1esthja"
    >
      <div
        className="css-1esthja"
      />
      <div
        className="css-1esthja"
      />
    </div>
  </div>
</div>
`;
